
/File A (1) - Copy.txt
/Folder D(1)
/Folder D(1)/Sub Folder D
/Folder D(1)/Sub Folder D/temp.txt
/File F (4).txt
/File B.txt
/File E.txt
/Folder A (1).folder
/Folder A (1).folder/File in A.txt
/File G (10).txt
/test.ref
/Folder C
/Folder C/Folder E
/File C (2) - Copy.txt
/File D.txt
/Folder B
/Folder B/Sub Folder B
/Folder B/Sub Folder B/PCR comments - Copy.txt
/Folder B/Sub Folder B/temp.txt
/Folder B/PCR comments.txt
/Folder B/temp.txt
